........................................................................ [ 80%]
..................                                                       [100%]
90 passed in 2.14s
